---
source: minigu-test/parser_test.rs
assertion_line: 41
---
Ok:
  - activity:
      - Transaction:
          start: ~
          procedure:
            - at: ~
              binding_variable_defs: []
              statement:
                - Utility:
                    Explain:
                      statement:
                        - Catalog:
                            - - DropIndex:
                                  name:
                                    - test_index
                                    - start: 19
                                      end: 29
                                  if_exists: false
                              - start: 8
                                end: 29
                        - start: 8
                          end: 29
                - start: 0
                  end: 29
              next_statements: []
            - start: 0
              end: 29
          end: ~
      - start: 0
        end: 29
    session_close: false
  - start: 0
    end: 29
