---
source: minigu-test/src/insta_test.rs
---
--- Phase 1: Initial data ---
┌──────────────────────────────────────────────┐
│ p                                            │
│ vertex { name::string,age::int8 }            │
├──────────────────────────────────────────────┤
│ {_vid: 0, _label: 0, name: person0, age: 20} │
├──────────────────────────────────────────────┤
│ {_vid: 1, _label: 0, name: person1, age: 21} │
├──────────────────────────────────────────────┤
│ {_vid: 2, _label: 0, name: person2, age: 22} │
├──────────────────────────────────────────────┤
│ {_vid: 3, _label: 0, name: person3, age: 23} │
├──────────────────────────────────────────────┤
│ {_vid: 4, _label: 0, name: person4, age: 24} │
└──────────────────────────────────────────────┘
5 rows

--- Phase 2: After reopen ---
┌──────────────────────────────────────────────┐
│ p                                            │
│ vertex { name::string,age::int8 }            │
├──────────────────────────────────────────────┤
│ {_vid: 0, _label: 0, name: person0, age: 20} │
├──────────────────────────────────────────────┤
│ {_vid: 1, _label: 0, name: person1, age: 21} │
├──────────────────────────────────────────────┤
│ {_vid: 2, _label: 0, name: person2, age: 22} │
├──────────────────────────────────────────────┤
│ {_vid: 3, _label: 0, name: person3, age: 23} │
├──────────────────────────────────────────────┤
│ {_vid: 4, _label: 0, name: person4, age: 24} │
└──────────────────────────────────────────────┘
5 rows
