---
source: minigu-test/parser_test.rs
---
Ok:
  - activity:
      - Transaction:
          start: ~
          procedure:
            - at: ~
              binding_variable_defs: []
              statement:
                - Query:
                    Primary:
                      Ambient:
                        Parts:
                          parts:
                            - - Match:
                                  Simple:
                                    - pattern:
                                        - match_mode: ~
                                          patterns:
                                            - - variable: ~
                                                prefix: ~
                                                expr:
                                                  - Concat:
                                                      - - Pattern:
                                                            Node:
                                                              variable:
                                                                - a
                                                                - start: 7
                                                                  end: 8
                                                              label:
                                                                - Label: Articles
                                                                - start: 9
                                                                  end: 17
                                                              predicate: ~
                                                        - start: 6
                                                          end: 18
                                                  - start: 6
                                                    end: 18
                                              - start: 6
                                                end: 18
                                          keep: ~
                                          where_clause: ~
                                        - start: 6
                                          end: 18
                                      yield_clause: []
                                    - start: 6
                                      end: 18
                              - start: 0
                                end: 18
                          result:
                            - Return:
                                statement:
                                  - quantifier: ~
                                    items:
                                      - Items:
                                          - - value:
                                                - Function:
                                                    Vector:
                                                      lhs:
                                                        - Value:
                                                            Literal:
                                                              Vector:
                                                                elems:
                                                                  - - Value:
                                                                        Literal:
                                                                          Numeric:
                                                                            Integer:
                                                                              - kind: Decimal
                                                                                integer: "1"
                                                                              - start: 50
                                                                                end: 51
                                                                    - start: 50
                                                                      end: 51
                                                                  - - Value:
                                                                        Literal:
                                                                          Numeric:
                                                                            Float:
                                                                              - float: "2.3e-4"
                                                                              - start: 53
                                                                                end: 59
                                                                    - start: 53
                                                                      end: 59
                                                                  - - Unary:
                                                                        op:
                                                                          - Minus
                                                                          - start: 61
                                                                            end: 62
                                                                        child:
                                                                          - Value:
                                                                              Literal:
                                                                                Numeric:
                                                                                  Float:
                                                                                    - float: "4.53"
                                                                                    - start: 62
                                                                                      end: 66
                                                                          - start: 62
                                                                            end: 66
                                                                    - start: 61
                                                                      end: 66
                                                        - start: 42
                                                          end: 67
                                                      rhs:
                                                        - Property:
                                                            source:
                                                              - Variable: a
                                                              - start: 69
                                                                end: 70
                                                            trailing_names:
                                                              - - article_vector
                                                                - start: 71
                                                                  end: 85
                                                        - start: 69
                                                          end: 85
                                                      metric:
                                                        - L2
                                                        - start: 87
                                                          end: 89
                                                - start: 26
                                                  end: 90
                                              alias:
                                                - distance
                                                - start: 94
                                                  end: 102
                                            - start: 26
                                              end: 102
                                      - start: 26
                                        end: 102
                                    group_by: ~
                                  - start: 19
                                    end: 102
                                order_by:
                                  - order_by:
                                      - - key:
                                            - Variable: distance
                                            - start: 112
                                              end: 120
                                          ordering: ~
                                          null_ordering: ~
                                        - start: 112
                                          end: 120
                                    offset: ~
                                    limit:
                                      - count:
                                          Integer:
                                            kind: Decimal
                                            integer: "10"
                                        approximate: false
                                      - start: 121
                                        end: 129
                                  - start: 103
                                    end: 129
                            - start: 19
                              end: 129
                - start: 0
                  end: 129
              next_statements: []
            - start: 0
              end: 129
          end: ~
      - start: 0
        end: 129
    session_close: false
  - start: 0
    end: 129
