---
source: minigu-test/src/insta_test.rs
---
Statement OK. No results
---
Statement OK. No results
---
┌──────────────────────────────────────────────┐
│ p                                            │
│ vertex { name::string,age::int8 }            │
├──────────────────────────────────────────────┤
│ {_vid: 0, _label: 0, name: person0, age: 20} │
└──────────────────────────────────────────────┘
1 rows

---
┌──────────────────────────────────────────────┬────────────────────┬────────────────────────────────────────────────────────┐
│ p                                            │ w                  │ c                                                      │
│ vertex { name::string,age::int8 }            │ edge { id::int64 } │ vertex { name::string,revenue::int64 }                 │
├──────────────────────────────────────────────┼────────────────────┼────────────────────────────────────────────────────────┤
│ {_vid: 0, _label: 0, name: person0, age: 20} │ 25                 │ {_vid: 5, _label: 0, name: company0, revenue: 1000000} │
├──────────────────────────────────────────────┼────────────────────┼────────────────────────────────────────────────────────┤
│ {_vid: 2, _label: 0, name: person2, age: 22} │ 27                 │ {_vid: 5, _label: 0, name: company0, revenue: 1000000} │
└──────────────────────────────────────────────┴────────────────────┴────────────────────────────────────────────────────────┘
2 rows

---
┌──────────────────────────────────────────────┬────────────────────┬────────────────────────────────────────────────────────┐
│ p                                            │ w                  │ c                                                      │
│ vertex { name::string,age::int8 }            │ edge { id::int64 } │ vertex { name::string,revenue::int64 }                 │
├──────────────────────────────────────────────┼────────────────────┼────────────────────────────────────────────────────────┤
│ {_vid: 0, _label: 0, name: person0, age: 20} │ 25                 │ {_vid: 5, _label: 0, name: company0, revenue: 1000000} │
└──────────────────────────────────────────────┴────────────────────┴────────────────────────────────────────────────────────┘
1 rows

---
┌──────────────────────────────────────────────┐
│ p                                            │
│ vertex { name::string,age::int8 }            │
├──────────────────────────────────────────────┤
│ {_vid: 3, _label: 0, name: person3, age: 23} │
├──────────────────────────────────────────────┤
│ {_vid: 4, _label: 0, name: person4, age: 24} │
└──────────────────────────────────────────────┘
2 rows

---
┌─────────┐
│ p.name  │
│ string  │
├─────────┤
│ person3 │
├─────────┤
│ person4 │
└─────────┘
2 rows

---
Statement OK. No results
---
┌──────────────────────────────────────────────┬──────────────────────────────────────────────┬────────────────────────────────────────────────────────┐
│ p                                            │ p2                                           │ c                                                      │
│ vertex { name::string,age::int8 }            │ vertex { name::string,age::int8 }            │ vertex { name::string,revenue::int64 }                 │
├──────────────────────────────────────────────┼──────────────────────────────────────────────┼────────────────────────────────────────────────────────┤
│ {_vid: 0, _label: 0, name: person0, age: 20} │ {_vid: 0, _label: 0, name: person0, age: 20} │ {_vid: 5, _label: 0, name: company0, revenue: 1000000} │
├──────────────────────────────────────────────┼──────────────────────────────────────────────┼────────────────────────────────────────────────────────┤
│ {_vid: 0, _label: 0, name: person0, age: 20} │ {_vid: 1, _label: 0, name: person1, age: 21} │ {_vid: 6, _label: 0, name: company1, revenue: 2000000} │
├──────────────────────────────────────────────┼──────────────────────────────────────────────┼────────────────────────────────────────────────────────┤
│ {_vid: 0, _label: 0, name: person0, age: 20} │ {_vid: 2, _label: 0, name: person2, age: 22} │ {_vid: 5, _label: 0, name: company0, revenue: 1000000} │
└──────────────────────────────────────────────┴──────────────────────────────────────────────┴────────────────────────────────────────────────────────┘
3 rows
