---
source: minigu-test/parser_test.rs
assertion_line: 41
---
Ok:
  - activity:
      - Transaction:
          start: ~
          procedure:
            - at: ~
              binding_variable_defs: []
              statement:
                - Utility:
                    Explain:
                      statement:
                        - Catalog:
                            - - CreateIndex:
                                  name:
                                    - test_index
                                    - start: 21
                                      end: 31
                                  if_not_exists: true
                                  binding:
                                    - n
                                    - start: 51
                                      end: 52
                                  label:
                                    - Movie
                                    - start: 53
                                      end: 58
                                  property_binding:
                                    - n
                                    - start: 64
                                      end: 65
                                  property:
                                    - embedding
                                    - start: 66
                                      end: 75
                              - start: 8
                                end: 76
                        - start: 8
                          end: 76
                - start: 0
                  end: 76
              next_statements: []
            - start: 0
              end: 76
          end: ~
      - start: 0
        end: 76
    session_close: false
  - start: 0
    end: 76
