---
source: minigu-test/src/insta_test.rs
assertion_line: 184
---
Statement OK. No results
---
Statement OK. No results
---
Statement OK. No results
---
┌───────────────────────────────────────────────────┐
│ n                                                 │
│ vertex {  }                                       │
├───────────────────────────────────────────────────┤
│ {_vid: 0, _label: 0, prop_0: person0, prop_1: 20} │
├───────────────────────────────────────────────────┤
│ {_vid: 1, _label: 0, prop_0: person1, prop_1: 21} │
└───────────────────────────────────────────────────┘
2 rows

---
┌─────────────────────────────────────────────────────────┐
│ c                                                       │
│ vertex {  }                                             │
├─────────────────────────────────────────────────────────┤
│ {_vid: 2, _label: 0, prop_0: company0, prop_1: 1000000} │
└─────────────────────────────────────────────────────────┘
1 rows

---
┌───────────────────────────────────────────────────┬─────────────────────────────────────────────────────────┐
│ n                                                 │ c                                                       │
│ vertex {  }                                       │ vertex {  }                                             │
├───────────────────────────────────────────────────┼─────────────────────────────────────────────────────────┤
│ {_vid: 0, _label: 0, prop_0: person0, prop_1: 20} │ {_vid: 2, _label: 0, prop_0: company0, prop_1: 1000000} │
└───────────────────────────────────────────────────┴─────────────────────────────────────────────────────────┘
1 rows

---
┌───────────────────────────────────────────────────┬───────────────────────────────────────────────────┐
│ n                                                 │ m                                                 │
│ vertex {  }                                       │ vertex {  }                                       │
├───────────────────────────────────────────────────┼───────────────────────────────────────────────────┤
│ {_vid: 0, _label: 0, prop_0: person0, prop_1: 20} │ {_vid: 0, _label: 0, prop_0: person0, prop_1: 20} │
├───────────────────────────────────────────────────┼───────────────────────────────────────────────────┤
│ {_vid: 0, _label: 0, prop_0: person0, prop_1: 20} │ {_vid: 1, _label: 0, prop_0: person1, prop_1: 21} │
├───────────────────────────────────────────────────┼───────────────────────────────────────────────────┤
│ {_vid: 1, _label: 0, prop_0: person1, prop_1: 21} │ {_vid: 0, _label: 0, prop_0: person0, prop_1: 20} │
├───────────────────────────────────────────────────┼───────────────────────────────────────────────────┤
│ {_vid: 1, _label: 0, prop_0: person1, prop_1: 21} │ {_vid: 1, _label: 0, prop_0: person1, prop_1: 21} │
└───────────────────────────────────────────────────┴───────────────────────────────────────────────────┘
4 rows

---
Statement OK. No results
---
┌───────────────────────────────────────────────────┐
│ n                                                 │
│ vertex {  }                                       │
├───────────────────────────────────────────────────┤
│ {_vid: 4, _label: 0, prop_0: person4, prop_1: 24} │
├───────────────────────────────────────────────────┤
│ {_vid: 2, _label: 0, prop_0: person2, prop_1: 22} │
├───────────────────────────────────────────────────┤
│ {_vid: 1, _label: 0, prop_0: person1, prop_1: 21} │
├───────────────────────────────────────────────────┤
│ {_vid: 3, _label: 0, prop_0: person3, prop_1: 23} │
├───────────────────────────────────────────────────┤
│ {_vid: 0, _label: 0, prop_0: person0, prop_1: 20} │
└───────────────────────────────────────────────────┘
5 rows

---
┌─────────────────────────────────────────────────────────┐
│ c                                                       │
│ vertex {  }                                             │
├─────────────────────────────────────────────────────────┤
│ {_vid: 6, _label: 0, prop_0: company1, prop_1: 2000000} │
├─────────────────────────────────────────────────────────┤
│ {_vid: 5, _label: 0, prop_0: company0, prop_1: 1000000} │
└─────────────────────────────────────────────────────────┘
2 rows

---
┌───────────────────────────────────────────────────┬─────────────────────────────────────────────────────────┐
│ n                                                 │ c                                                       │
│ vertex {  }                                       │ vertex {  }                                             │
├───────────────────────────────────────────────────┼─────────────────────────────────────────────────────────┤
│ {_vid: 2, _label: 0, prop_0: person2, prop_1: 22} │ {_vid: 5, _label: 0, prop_0: company0, prop_1: 1000000} │
├───────────────────────────────────────────────────┼─────────────────────────────────────────────────────────┤
│ {_vid: 1, _label: 0, prop_0: person1, prop_1: 21} │ {_vid: 6, _label: 0, prop_0: company1, prop_1: 2000000} │
├───────────────────────────────────────────────────┼─────────────────────────────────────────────────────────┤
│ {_vid: 0, _label: 0, prop_0: person0, prop_1: 20} │ {_vid: 5, _label: 0, prop_0: company0, prop_1: 1000000} │
└───────────────────────────────────────────────────┴─────────────────────────────────────────────────────────┘
3 rows

---
┌───────────────────────────────────────────────────┬───────────────────────────────────────────────────┐
│ n                                                 │ m                                                 │
│ vertex {  }                                       │ vertex {  }                                       │
├───────────────────────────────────────────────────┼───────────────────────────────────────────────────┤
│ {_vid: 4, _label: 0, prop_0: person4, prop_1: 24} │ {_vid: 0, _label: 0, prop_0: person0, prop_1: 20} │
├───────────────────────────────────────────────────┼───────────────────────────────────────────────────┤
│ {_vid: 4, _label: 0, prop_0: person4, prop_1: 24} │ {_vid: 1, _label: 0, prop_0: person1, prop_1: 21} │
├───────────────────────────────────────────────────┼───────────────────────────────────────────────────┤
│ {_vid: 4, _label: 0, prop_0: person4, prop_1: 24} │ {_vid: 2, _label: 0, prop_0: person2, prop_1: 22} │
├───────────────────────────────────────────────────┼───────────────────────────────────────────────────┤
│ {_vid: 4, _label: 0, prop_0: person4, prop_1: 24} │ {_vid: 3, _label: 0, prop_0: person3, prop_1: 23} │
├───────────────────────────────────────────────────┼───────────────────────────────────────────────────┤
│ {_vid: 4, _label: 0, prop_0: person4, prop_1: 24} │ {_vid: 4, _label: 0, prop_0: person4, prop_1: 24} │
├───────────────────────────────────────────────────┼───────────────────────────────────────────────────┤
│ {_vid: 2, _label: 0, prop_0: person2, prop_1: 22} │ {_vid: 0, _label: 0, prop_0: person0, prop_1: 20} │
├───────────────────────────────────────────────────┼───────────────────────────────────────────────────┤
│ {_vid: 2, _label: 0, prop_0: person2, prop_1: 22} │ {_vid: 1, _label: 0, prop_0: person1, prop_1: 21} │
├───────────────────────────────────────────────────┼───────────────────────────────────────────────────┤
│ {_vid: 2, _label: 0, prop_0: person2, prop_1: 22} │ {_vid: 2, _label: 0, prop_0: person2, prop_1: 22} │
├───────────────────────────────────────────────────┼───────────────────────────────────────────────────┤
│ {_vid: 2, _label: 0, prop_0: person2, prop_1: 22} │ {_vid: 3, _label: 0, prop_0: person3, prop_1: 23} │
├───────────────────────────────────────────────────┼───────────────────────────────────────────────────┤
│ {_vid: 2, _label: 0, prop_0: person2, prop_1: 22} │ {_vid: 4, _label: 0, prop_0: person4, prop_1: 24} │
├───────────────────────────────────────────────────┼───────────────────────────────────────────────────┤
│ {_vid: 1, _label: 0, prop_0: person1, prop_1: 21} │ {_vid: 0, _label: 0, prop_0: person0, prop_1: 20} │
├───────────────────────────────────────────────────┼───────────────────────────────────────────────────┤
│ {_vid: 1, _label: 0, prop_0: person1, prop_1: 21} │ {_vid: 1, _label: 0, prop_0: person1, prop_1: 21} │
├───────────────────────────────────────────────────┼───────────────────────────────────────────────────┤
│ {_vid: 1, _label: 0, prop_0: person1, prop_1: 21} │ {_vid: 2, _label: 0, prop_0: person2, prop_1: 22} │
├───────────────────────────────────────────────────┼───────────────────────────────────────────────────┤
│ {_vid: 1, _label: 0, prop_0: person1, prop_1: 21} │ {_vid: 3, _label: 0, prop_0: person3, prop_1: 23} │
├───────────────────────────────────────────────────┼───────────────────────────────────────────────────┤
│ {_vid: 1, _label: 0, prop_0: person1, prop_1: 21} │ {_vid: 4, _label: 0, prop_0: person4, prop_1: 24} │
├───────────────────────────────────────────────────┼───────────────────────────────────────────────────┤
│ {_vid: 3, _label: 0, prop_0: person3, prop_1: 23} │ {_vid: 0, _label: 0, prop_0: person0, prop_1: 20} │
├───────────────────────────────────────────────────┼───────────────────────────────────────────────────┤
│ {_vid: 3, _label: 0, prop_0: person3, prop_1: 23} │ {_vid: 1, _label: 0, prop_0: person1, prop_1: 21} │
├───────────────────────────────────────────────────┼───────────────────────────────────────────────────┤
│ {_vid: 3, _label: 0, prop_0: person3, prop_1: 23} │ {_vid: 2, _label: 0, prop_0: person2, prop_1: 22} │
├───────────────────────────────────────────────────┼───────────────────────────────────────────────────┤
│ {_vid: 3, _label: 0, prop_0: person3, prop_1: 23} │ {_vid: 3, _label: 0, prop_0: person3, prop_1: 23} │
├───────────────────────────────────────────────────┼───────────────────────────────────────────────────┤
│ {_vid: 3, _label: 0, prop_0: person3, prop_1: 23} │ {_vid: 4, _label: 0, prop_0: person4, prop_1: 24} │
├───────────────────────────────────────────────────┼───────────────────────────────────────────────────┤
│ {_vid: 0, _label: 0, prop_0: person0, prop_1: 20} │ {_vid: 0, _label: 0, prop_0: person0, prop_1: 20} │
├───────────────────────────────────────────────────┼───────────────────────────────────────────────────┤
│ {_vid: 0, _label: 0, prop_0: person0, prop_1: 20} │ {_vid: 1, _label: 0, prop_0: person1, prop_1: 21} │
├───────────────────────────────────────────────────┼───────────────────────────────────────────────────┤
│ {_vid: 0, _label: 0, prop_0: person0, prop_1: 20} │ {_vid: 2, _label: 0, prop_0: person2, prop_1: 22} │
├───────────────────────────────────────────────────┼───────────────────────────────────────────────────┤
│ {_vid: 0, _label: 0, prop_0: person0, prop_1: 20} │ {_vid: 3, _label: 0, prop_0: person3, prop_1: 23} │
├───────────────────────────────────────────────────┼───────────────────────────────────────────────────┤
│ {_vid: 0, _label: 0, prop_0: person0, prop_1: 20} │ {_vid: 4, _label: 0, prop_0: person4, prop_1: 24} │
└───────────────────────────────────────────────────┴───────────────────────────────────────────────────┘
25 rows
